// Jest Snapshot v1, https://goo.gl/fbAQLP

exports[`PastWeekPassedLearnersTable renders table correctly 1`] = `
<div
  className="completed-learners-week"
>
  <div
    className="row"
  >
    <div
      className="col"
    >
      <div
        className="table-responsive"
      >
        <table
          className="table table-sm table-striped"
        >
          <thead
            className=""
          >
            <tr
              className=""
            >
              <th
                className="sortable"
                scope="col"
              >
                <button
                  className="btn btn-header"
                  disabled={false}
                  onClick={[Function]}
                  type="button"
                >
                  <span
                    className="btn-icons-container"
                  >
                    <span>
                      Email
                      <span
                        className="sr-only"
                      >
                         
                        sort ascending
                      </span>
                       
                      <span
                        aria-hidden={true}
                        className="fa fa-sort-asc"
                      />
                    </span>
                  </span>
                </button>
              </th>
              <th
                className="sortable"
                scope="col"
              >
                <button
                  className="btn btn-header"
                  disabled={false}
                  onClick={[Function]}
                  type="button"
                >
                  <span
                    className="btn-icons-container"
                  >
                    <span>
                      Course Title
                      <span
                        className="sr-only"
                      >
                         
                        click to sort
                      </span>
                       
                      <span
                        aria-hidden={true}
                        className="fa fa-sort"
                      />
                    </span>
                  </span>
                </button>
              </th>
              <th
                className="sortable"
                scope="col"
              >
                <button
                  className="btn btn-header"
                  disabled={false}
                  onClick={[Function]}
                  type="button"
                >
                  <span
                    className="btn-icons-container"
                  >
                    <span>
                      Passed Date
                      <span
                        className="sr-only"
                      >
                         
                        click to sort
                      </span>
                       
                      <span
                        aria-hidden={true}
                        className="fa fa-sort"
                      />
                    </span>
                  </span>
                </button>
              </th>
            </tr>
          </thead>
          <tbody
            className=""
          >
            <tr
              className=""
            >
              <td
                className=""
                scope={null}
              >
                <span
                  data-hj-suppress={true}
                >
                  awesome.me@example.com
                </span>
              </td>
              <td
                className=""
                scope={null}
              >
                Dive into ReactJS
              </td>
              <td
                className=""
                scope={null}
              >
                September 23, 2018
              </td>
            </tr>
            <tr
              className=""
            >
              <td
                className=""
                scope={null}
              >
                <span
                  data-hj-suppress={true}
                >
                  new@example.com
                </span>
              </td>
              <td
                className=""
                scope={null}
              >
                Redux with ReactJS
              </td>
              <td
                className=""
                scope={null}
              >
                September 22, 2018
              </td>
            </tr>
          </tbody>
        </table>
      </div>
    </div>
  </div>
  <div
    className="row mt-2"
  >
    <div
      className="col d-flex justify-content-center"
    >
      <nav
        aria-label="completed-learners-week-pagination"
      >
        <div
          aria-atomic={true}
          aria-live="polite"
          aria-relevant="text"
          className="sr-only"
        >
          Page 1, Current Page, of 1
        </div>
        <ul
          className="pagination"
        >
          <li
            className="page-item disabled"
          >
            <button
              aria-label="Previous"
              className="btn previous page-link"
              disabled={true}
              onBlur={[Function]}
              onClick={[Function]}
              onKeyDown={[Function]}
              tabIndex="-1"
              type="button"
            >
              <div>
                <span
                  aria-hidden={true}
                  className="fa fa-chevron-left mr-2"
                  id="Icon1"
                />
                Previous
              </div>
            </button>
          </li>
          <li
            className="page-item disabled"
          >
            <button
              aria-label="Next"
              className="btn next page-link"
              disabled={true}
              onBlur={[Function]}
              onClick={[Function]}
              onKeyDown={[Function]}
              tabIndex="-1"
              type="button"
            >
              <div>
                Next
                <span
                  aria-hidden={true}
                  className="fa fa-chevron-right ml-2"
                  id="Icon2"
                />
              </div>
            </button>
          </li>
        </ul>
      </nav>
    </div>
  </div>
</div>
`;
